RAM Allocation [bytes]
Variable                                                                          Address   Size
------------------------------------------------------------------------------------------------
glcd_state                                                                        0x09FD      29
name_week_day                                                                     0x0A1A      16
name_day                                                                          0x0A2A      64
name_month                                                                        0x0A6A      26
name_year                                                                         0x0A84      32
name_second                                                                       0x0AA4     120
name_minute                                                                       0x0B1C     120
name_hour                                                                         0x0B94      48
name_relay                                                                        0x0BC4      14
milisec                                                                           0x0BD2       4
year                                                                              0x0BD6       1
hour                                                                              0x0BD7       1
minute                                                                            0x0BD8       1
second                                                                            0x0BD9       1
Address1                                                                          0x0BDA       1
Address2                                                                          0x0BDB       1
Address3                                                                          0x0BDC       1
Address4                                                                          0x0BDD       1
station_receive                                                                   0x0BDE      12
sim                                                                               0x0BEA       1
money_code                                                                        0x0BEB      20
money                                                                             0x0BFF      10
is_get_money                                                                      0x0C09       1
buffer_index                                                                      0x0C0A       2
receive_buffer                                                                    0x0C0C     500
rx_buffer1                                                                        0x0E00      64
rx_wr_index1                                                                      0x0E40       1
rx_rd_index1                                                                      0x0E41       1
rx_counter1                                                                       0x0E42       1
tx_buffer1                                                                        0x0E43      64
tx_wr_index1                                                                      0x0E83       1
tx_rd_index1                                                                      0x0E84       1
tx_counter1                                                                       0x0E85       1
gfx_addr                                                                          0x0E86       2
gfx_buffer                                                                        0x0E88     504
_seed                                                                             0x1080       4

EEPROM Allocation [bytes]
Variable                                                                          Address   Size
------------------------------------------------------------------------------------------------
node                                                                              0x0000     252

Register Allocation
Variable                                                                          Register  Size
------------------------------------------------------------------------------------------------
blink                                                                             R5           1
is_show_clock                                                                     R4           1
is_sim_init_ok                                                                    R7           1
x                                                                                 R8,R9        2
y                                                                                 R10,R11      2
week_day                                                                          R6           1
day                                                                               R13          1
month                                                                             R12          1
rx_buffer_overflow1                                                               R2.0      1bit

FLASH Allocation [words]
Function                                                                          Address   Size
------------------------------------------------------------------------------------------------
SPI_Write                                                                         0x0094D     28
SPI_Read                                                                          0x00969     18
RF_Command                                                                        0x0097B      5
RF_Write                                                                          0x00980      5
RF_Write_Add                                                                      0x00985      7
RF_Write_Add_RX_2                                                                 0x0098C     13
RX_Address                                                                        0x00999      8
RX_Address_2                                                                      0x009A1     11
Common_Config                                                                     0x009AC     37
RX_Mode                                                                           0x009D1     10
RX_Config_4                                                                       0x009DB     37
RX_Read                                                                           0x00A00     42
clrscr                                                                            0x00A2A     10
gui_init                                                                          0x00A34     73
gui_print_time                                                                    0x00A7D    107
gui_colon_blink                                                                   0x00AE8     26
gui_set_choice                                                                    0x00B02     41
exe_main_menu                                                                     0x00B2B     27
gui_cursor_move                                                                   0x00B46     26
gui_main_menu                                                                     0x00B60     56
gui_set_title                                                                     0x00B98     78
gui_gprs_read                                                                     0x00BE6     12
node_info_examine                                                                 0x00BF2     53
usart1_rx_isr                                                                     0x00C27     75
usart1_tx_isr                                                                     0x00C72     37
putchar1                                                                          0x00C97     44
put_string                                                                        0x00CC3     20
put_command                                                                       0x00CD7     58
wait_until                                                                        0x00D11     67
read_command                                                                      0x00D54     61
clear_buffer                                                                      0x00D91     14
init_gprs                                                                         0x00D9F     23
init_sms                                                                          0x00DB6     32
sms_read                                                                          0x00DD6    152
sms_send                                                                          0x00E6E     40
decrypt                                                                           0x00E96    180
toggle_relay                                                                      0x00F4A    234
call                                                                              0x01034      4
gui_choose_relay                                                                  0x01038    107
gui_relay_setting                                                                 0x010A3     75
exe_relay                                                                         0x010EE    113
choose_multiple_week_day                                                          0x011B0     91
get_relay_status                                                                  0x0120B     36
choose_second                                                                     0x0136A     56
gui_current_time                                                                  0x013A2     54
gui_current_time_set_date                                                         0x013D8     51
gui_current_time_set_time                                                         0x0140B     58
exe_current_time                                                                  0x01445     18
exe_set_date                                                                      0x01457     42
exe_set_time                                                                      0x01481     33
init_system                                                                       0x014A2     80
timer0_ovf_isr                                                                    0x014F2    234
main                                                                              0x015DC     61
rtc_init                                                                          0x01619     25
rtc_get_time                                                                      0x01632     24
rtc_set_time                                                                      0x0164A     13
rtc_get_date                                                                      0x01657     27
rtc_set_date                                                                      0x01672     17
pcd8544_delay_G101                                                                0x01683      1
pcd8544_wrbus_G101                                                                0x01684     23
pcd8544_wrcmd                                                                     0x0169B      5
pcd8544_wrdata_G101                                                               0x016A0      5
pcd8544_setaddr_G101                                                              0x016A5     23
pcd8544_gotoxy                                                                    0x016BC     13
pcd8544_rdbyte                                                                    0x016C9     14
pcd8544_wrbyte                                                                    0x016D7     10
glcd_init                                                                         0x016E1    126
glcd_display                                                                      0x0175F     11
glcd_clear                                                                        0x0176A     30
glcd_putpixel                                                                     0x01788     38
pcd8544_wrmasked_G101                                                             0x017AE     57
glcd_block                                                                        0x017E7    490
glcd_clipx                                                                        0x019D1     21
glcd_clipy                                                                        0x019E6     19
glcd_getcharw_G102                                                                0x019F9    111
glcd_new_line_G102                                                                0x01A68     20
glcd_putchar                                                                      0x01A7C    101
glcd_putcharxy                                                                    0x01AE1      9
glcd_outtextxy                                                                    0x01AEA     10
glcd_outtextxyf                                                                   0x01AF4     10
glcd_outtext                                                                      0x01AFE     12
glcd_outtextf                                                                     0x01B0A     12
glcd_putpixelm_G102                                                               0x01B16     27
glcd_moveto                                                                       0x01B31     13
glcd_line                                                                         0x01B3E    246
glcd_corners_G102                                                                 0x01C34     43
glcd_rectangle                                                                    0x01C5F     52
memset                                                                            0x01C93     16
strcat                                                                            0x01CA3     17
strcpy                                                                            0x01CB4     13
strstr                                                                            0x01CC1     23
atoi                                                                              0x01CD8     55
bcd2bin                                                                           0x01D0F     13
bin2bcd                                                                           0x01D1C     10
glcd_getmask                                                                      0x01D26     11
glcd_mappixcolor1bit                                                              0x01D31     40
glcd_readmem                                                                      0x01D59     31
glcd_writemem                                                                     0x01D78     31
isdigit                                                                           0x01D97      9
isspace                                                                           0x01DA0     11
